// Jest Snapshot v1, https://goo.gl/fbAQLP

exports[`React Card Component match snapshot 1`] = `
<div
  className="card"
  style={
    Object {
      "height": "auto",
    }
  }
>
  <div
    className="layout row"
  >
    <div
      className="flex xs12 md2 lg1"
      style={Object {}}
    >
      <img
        alt="Avatar Icon"
        src="foo.jpg"
        style={
          Object {
            "minHeight": "50px",
          }
        }
      />
    </div>
    <div
      className="flex xs12 md8 lg11"
      style={Object {}}
    >
      <div
        className="pb-0 card__title"
      >
        <div
          className="headline mb-0"
        >
          <span
            className="bold"
          >
            Name: 
          </span>
          bar
        </div>
      </div>
      <div
        className="card__text pt-1"
      >
        <div>
          <span
            className="bold"
          >
            Username: 
          </span>
          foobar
        </div>
      </div>
    </div>
  </div>
</div>
`;
